{"timestampUtc":"2026-04-25T20:10:54.8270965Z","type":"request","Method":"GET","Path":"/swagger/index.html","QueryString":null,"StatusCode":200,"DurationMs":140,"RemoteIpAddress":"::1","UserId":null,"Username":null,"TraceId":"0HNL30R0LPEKA:00000001"}
{"timestampUtc":"2026-04-25T20:10:55.1163687Z","type":"request","Method":"GET","Path":"/swagger/v1/swagger.json","QueryString":null,"StatusCode":200,"DurationMs":69,"RemoteIpAddress":"::1","UserId":null,"Username":null,"TraceId":"0HNL30R0LPEKA:00000007"}
{"timestampUtc":"2026-04-25T20:11:23.1829242Z","type":"request","Method":"GET","Path":"/api/Devices/my","QueryString":null,"StatusCode":200,"DurationMs":3750,"RemoteIpAddress":"::1","UserId":43,"Username":"Vlad","TraceId":"0HNL30R0LPEKB:00000001"}
{"timestampUtc":"2026-04-25T20:11:23.1832431Z","type":"request","Method":"GET","Path":"/api/DeviceTypes","QueryString":null,"StatusCode":200,"DurationMs":3751,"RemoteIpAddress":"::1","UserId":43,"Username":"Vlad","TraceId":"0HNL30R0LPEKC:00000001"}
{"timestampUtc":"2026-04-25T20:11:29.9330896Z","type":"request","Method":"GET","Path":"/api/Devices/12","QueryString":null,"StatusCode":200,"DurationMs":219,"RemoteIpAddress":"::1","UserId":43,"Username":"Vlad","TraceId":"0HNL30R0LPEKD:00000001"}
{"timestampUtc":"2026-04-25T20:11:29.9970055Z","type":"request","Method":"GET","Path":"/api/DeviceTypes/1","QueryString":null,"StatusCode":200,"DurationMs":42,"RemoteIpAddress":"::1","UserId":43,"Username":"Vlad","TraceId":"0HNL30R0LPEKE:00000001"}
{"timestampUtc":"2026-04-25T20:11:30.0821534Z","type":"request","Method":"GET","Path":"/api/LicensableFeatures/1","QueryString":null,"StatusCode":200,"DurationMs":57,"RemoteIpAddress":"::1","UserId":43,"Username":"Vlad","TraceId":"0HNL30R0LPEKG:00000001"}
{"timestampUtc":"2026-04-25T20:11:30.1845497Z","type":"request","Method":"GET","Path":"/api/Licenses/34","QueryString":null,"StatusCode":200,"DurationMs":158,"RemoteIpAddress":"::1","UserId":43,"Username":"Vlad","TraceId":"0HNL30R0LPEKH:00000001"}
{"timestampUtc":"2026-04-25T20:11:30.4318879Z","type":"request","Method":"GET","Path":"/api/Features/1","QueryString":null,"StatusCode":200,"DurationMs":407,"RemoteIpAddress":"::1","UserId":43,"Username":"Vlad","TraceId":"0HNL30R0LPEKF:00000001"}
{"timestampUtc":"2026-04-25T20:11:37.7062674Z","type":"request","Method":"GET","Path":"/api/payments/paypal/config","QueryString":null,"StatusCode":200,"DurationMs":25,"RemoteIpAddress":"::1","UserId":43,"Username":"Vlad","TraceId":"0HNL30R0LPEKI:00000001"}
{"timestampUtc":"2026-04-25T20:11:46.9807904Z","type":"request","Method":"POST","Path":"/api/payments/paypal/orders","QueryString":null,"StatusCode":200,"DurationMs":3059,"RemoteIpAddress":"::1","UserId":43,"Username":"Vlad","TraceId":"0HNL30R0LPEKJ:00000001"}
{"timestampUtc":"2026-04-25T20:12:10.4958005Z","type":"request","Method":"POST","Path":"/api/payments/paypal/orders/7P9882652X137331D/capture","QueryString":null,"StatusCode":200,"DurationMs":3393,"RemoteIpAddress":"::1","UserId":43,"Username":"Vlad","TraceId":"0HNL30R0LPEKK:00000001"}
{"timestampUtc":"2026-04-25T20:12:10.570239Z","type":"request","Method":"GET","Path":"/api/Devices/12","QueryString":null,"StatusCode":200,"DurationMs":8,"RemoteIpAddress":"::1","UserId":43,"Username":"Vlad","TraceId":"0HNL30R0LPEKL:00000001"}
{"timestampUtc":"2026-04-25T20:12:10.7042823Z","type":"request","Method":"GET","Path":"/api/DeviceTypes/1","QueryString":null,"StatusCode":200,"DurationMs":26,"RemoteIpAddress":"::1","UserId":43,"Username":"Vlad","TraceId":"0HNL30R0LPEKM:00000001"}
{"timestampUtc":"2026-04-25T20:12:10.7491193Z","type":"request","Method":"GET","Path":"/api/Licenses/38","QueryString":null,"StatusCode":200,"DurationMs":12,"RemoteIpAddress":"::1","UserId":43,"Username":"Vlad","TraceId":"0HNL30R0LPEKO:00000001"}
{"timestampUtc":"2026-04-25T20:12:10.7491187Z","type":"request","Method":"GET","Path":"/api/LicensableFeatures/1","QueryString":null,"StatusCode":200,"DurationMs":9,"RemoteIpAddress":"::1","UserId":43,"Username":"Vlad","TraceId":"0HNL30R0LPEKP:00000001"}
{"timestampUtc":"2026-04-25T20:12:10.8041223Z","type":"request","Method":"GET","Path":"/api/Features/1","QueryString":null,"StatusCode":200,"DurationMs":65,"RemoteIpAddress":"::1","UserId":43,"Username":"Vlad","TraceId":"0HNL30R0LPEKN:00000001"}
{"timestampUtc":"2026-04-25T20:14:42.14046Z","type":"request","Method":"GET","Path":"/swagger/index.html","QueryString":null,"StatusCode":200,"DurationMs":143,"RemoteIpAddress":"::1","UserId":null,"Username":null,"TraceId":"0HNL30T4D9CUT:00000001"}
{"timestampUtc":"2026-04-25T20:14:42.4288617Z","type":"request","Method":"GET","Path":"/swagger/v1/swagger.json","QueryString":null,"StatusCode":200,"DurationMs":60,"RemoteIpAddress":"::1","UserId":null,"Username":null,"TraceId":"0HNL30T4D9CUT:00000007"}
{"timestampUtc":"2026-04-25T20:15:18.8048332Z","type":"request","Method":"GET","Path":"/api/Devices/my","QueryString":null,"StatusCode":200,"DurationMs":3545,"RemoteIpAddress":"::1","UserId":43,"Username":"Vlad","TraceId":"0HNL30T4D9CUU:00000001"}
{"timestampUtc":"2026-04-25T20:15:18.8085503Z","type":"request","Method":"GET","Path":"/api/DeviceTypes","QueryString":null,"StatusCode":200,"DurationMs":3549,"RemoteIpAddress":"::1","UserId":43,"Username":"Vlad","TraceId":"0HNL30T4D9CUV:00000001"}
{"timestampUtc":"2026-04-25T20:16:47.5047279Z","type":"request","Method":"POST","Path":"/api/Auth/logout","QueryString":null,"StatusCode":200,"DurationMs":75,"RemoteIpAddress":"::1","UserId":43,"Username":"Vlad","TraceId":"0HNL30T4D9CV0:00000001"}
{"timestampUtc":"2026-04-25T20:17:06.0701192Z","type":"request","Method":"POST","Path":"/api/Auth/login","QueryString":null,"StatusCode":200,"DurationMs":1555,"RemoteIpAddress":"::1","UserId":null,"Username":null,"TraceId":"0HNL30T4D9CV1:00000001"}
{"timestampUtc":"2026-04-25T20:17:06.9984282Z","type":"request","Method":"GET","Path":"/api/Devices/my","QueryString":null,"StatusCode":200,"DurationMs":34,"RemoteIpAddress":"::1","UserId":62,"Username":"vladimir","TraceId":"0HNL30T4D9CV2:00000001"}
{"timestampUtc":"2026-04-25T20:17:07.0006598Z","type":"request","Method":"GET","Path":"/api/DeviceTypes","QueryString":null,"StatusCode":200,"DurationMs":38,"RemoteIpAddress":"::1","UserId":62,"Username":"vladimir","TraceId":"0HNL30T4D9CV3:00000001"}
{"timestampUtc":"2026-04-25T20:17:11.1625147Z","type":"request","Method":"GET","Path":"/api/Users/62","QueryString":null,"StatusCode":403,"DurationMs":7,"RemoteIpAddress":"::1","UserId":62,"Username":"vladimir","TraceId":"0HNL30T4D9CV4:00000001"}
{"timestampUtc":"2026-04-25T20:17:11.1625144Z","type":"request","Method":"GET","Path":"/api/UserProfiles/by-user/62","QueryString":null,"StatusCode":403,"DurationMs":5,"RemoteIpAddress":"::1","UserId":62,"Username":"vladimir","TraceId":"0HNL30T4D9CV5:00000001"}
{"timestampUtc":"2026-04-25T20:17:11.2930646Z","type":"request","Method":"GET","Path":"/api/Companies/1","QueryString":null,"StatusCode":200,"DurationMs":102,"RemoteIpAddress":"::1","UserId":62,"Username":"vladimir","TraceId":"0HNL30T4D9CV6:00000001"}
{"timestampUtc":"2026-04-25T20:17:11.2930645Z","type":"request","Method":"GET","Path":"/api/Buildings/1","QueryString":null,"StatusCode":200,"DurationMs":101,"RemoteIpAddress":"::1","UserId":62,"Username":"vladimir","TraceId":"0HNL30T4D9CV7:00000001"}
{"timestampUtc":"2026-04-25T20:17:13.2712493Z","type":"request","Method":"GET","Path":"/api/Devices/my","QueryString":null,"StatusCode":200,"DurationMs":12,"RemoteIpAddress":"::1","UserId":62,"Username":"vladimir","TraceId":"0HNL30T4D9CV8:00000001"}
{"timestampUtc":"2026-04-25T20:17:13.2735343Z","type":"request","Method":"GET","Path":"/api/DeviceTypes","QueryString":null,"StatusCode":200,"DurationMs":10,"RemoteIpAddress":"::1","UserId":62,"Username":"vladimir","TraceId":"0HNL30T4D9CV9:00000001"}
{"timestampUtc":"2026-04-25T20:17:14.0544028Z","type":"request","Method":"POST","Path":"/api/Auth/logout","QueryString":null,"StatusCode":200,"DurationMs":18,"RemoteIpAddress":"::1","UserId":62,"Username":"vladimir","TraceId":"0HNL30T4D9CVA:00000001"}
{"timestampUtc":"2026-04-25T20:17:24.4191662Z","type":"request","Method":"POST","Path":"/api/Auth/login","QueryString":null,"StatusCode":200,"DurationMs":397,"RemoteIpAddress":"::1","UserId":null,"Username":null,"TraceId":"0HNL30T4D9CVB:00000001"}
{"timestampUtc":"2026-04-25T20:17:24.8256417Z","type":"request","Method":"GET","Path":"/api/Devices/my","QueryString":null,"StatusCode":200,"DurationMs":5,"RemoteIpAddress":"::1","UserId":62,"Username":"vladimir","TraceId":"0HNL30T4D9CVC:00000001"}
{"timestampUtc":"2026-04-25T20:17:24.825921Z","type":"request","Method":"GET","Path":"/api/DeviceTypes","QueryString":null,"StatusCode":200,"DurationMs":6,"RemoteIpAddress":"::1","UserId":62,"Username":"vladimir","TraceId":"0HNL30T4D9CVD:00000001"}
{"timestampUtc":"2026-04-25T20:17:28.0443302Z","type":"request","Method":"GET","Path":"/api/Users/62","QueryString":null,"StatusCode":403,"DurationMs":1,"RemoteIpAddress":"::1","UserId":62,"Username":"vladimir","TraceId":"0HNL30T4D9CVE:00000001"}
{"timestampUtc":"2026-04-25T20:17:28.04519Z","type":"request","Method":"GET","Path":"/api/UserProfiles/by-user/62","QueryString":null,"StatusCode":403,"DurationMs":0,"RemoteIpAddress":"::1","UserId":62,"Username":"vladimir","TraceId":"0HNL30T4D9CVF:00000001"}
{"timestampUtc":"2026-04-25T20:17:28.0759521Z","type":"request","Method":"GET","Path":"/api/Buildings/1","QueryString":null,"StatusCode":200,"DurationMs":5,"RemoteIpAddress":"::1","UserId":62,"Username":"vladimir","TraceId":"0HNL30T4D9CVH:00000001"}
{"timestampUtc":"2026-04-25T20:17:28.0759518Z","type":"request","Method":"GET","Path":"/api/Companies/1","QueryString":null,"StatusCode":200,"DurationMs":3,"RemoteIpAddress":"::1","UserId":62,"Username":"vladimir","TraceId":"0HNL30T4D9CVG:00000001"}
{"timestampUtc":"2026-04-25T20:17:37.197832Z","type":"request","Method":"POST","Path":"/api/Auth/logout","QueryString":null,"StatusCode":200,"DurationMs":5,"RemoteIpAddress":"::1","UserId":62,"Username":"vladimir","TraceId":"0HNL30T4D9CVI:00000001"}
{"timestampUtc":"2026-04-25T20:20:30.2765547Z","type":"request","Method":"POST","Path":"/api/Auth/login","QueryString":null,"StatusCode":200,"DurationMs":364,"RemoteIpAddress":"::1","UserId":null,"Username":null,"TraceId":"0HNL30T4D9CVJ:00000001"}
{"timestampUtc":"2026-04-25T20:20:31.2770364Z","type":"request","Method":"GET","Path":"/api/Devices/my","QueryString":null,"StatusCode":200,"DurationMs":29,"RemoteIpAddress":"::1","UserId":43,"Username":"Vlad","TraceId":"0HNL30T4D9CVK:00000001"}
{"timestampUtc":"2026-04-25T20:20:31.2776159Z","type":"request","Method":"GET","Path":"/api/DeviceTypes","QueryString":null,"StatusCode":200,"DurationMs":28,"RemoteIpAddress":"::1","UserId":43,"Username":"Vlad","TraceId":"0HNL30T4D9CVL:00000001"}
{"timestampUtc":"2026-04-25T20:20:45.7255526Z","type":"request","Method":"GET","Path":"/api/Devices/12","QueryString":null,"StatusCode":200,"DurationMs":47,"RemoteIpAddress":"::1","UserId":43,"Username":"Vlad","TraceId":"0HNL30T4D9CVM:00000001"}
{"timestampUtc":"2026-04-25T20:20:45.7833512Z","type":"request","Method":"GET","Path":"/api/DeviceTypes/1","QueryString":null,"StatusCode":200,"DurationMs":38,"RemoteIpAddress":"::1","UserId":43,"Username":"Vlad","TraceId":"0HNL30T4D9CVN:00000001"}
{"timestampUtc":"2026-04-25T20:20:45.9217609Z","type":"request","Method":"GET","Path":"/api/LicensableFeatures/1","QueryString":null,"StatusCode":200,"DurationMs":110,"RemoteIpAddress":"::1","UserId":43,"Username":"Vlad","TraceId":"0HNL30T4D9CVP:00000001"}
{"timestampUtc":"2026-04-25T20:20:46.011094Z","type":"request","Method":"GET","Path":"/api/Licenses/38","QueryString":null,"StatusCode":200,"DurationMs":200,"RemoteIpAddress":"::1","UserId":43,"Username":"Vlad","TraceId":"0HNL30T4D9CVQ:00000001"}
{"timestampUtc":"2026-04-25T20:20:46.2374059Z","type":"request","Method":"GET","Path":"/api/Features/1","QueryString":null,"StatusCode":200,"DurationMs":428,"RemoteIpAddress":"::1","UserId":43,"Username":"Vlad","TraceId":"0HNL30T4D9CVO:00000001"}
{"timestampUtc":"2026-04-25T20:24:04.9815671Z","type":"request","Method":"GET","Path":"/api/payments/paypal/config","QueryString":null,"StatusCode":200,"DurationMs":22,"RemoteIpAddress":"::1","UserId":43,"Username":"Vlad","TraceId":"0HNL30T4D9CVR:00000001"}
{"timestampUtc":"2026-04-25T20:24:08.4272749Z","type":"request","Method":"POST","Path":"/api/payments/paypal/orders","QueryString":null,"StatusCode":200,"DurationMs":1565,"RemoteIpAddress":"::1","UserId":43,"Username":"Vlad","TraceId":"0HNL30T4D9CVS:00000001"}
{"timestampUtc":"2026-04-25T20:24:19.7996617Z","type":"request","Method":"POST","Path":"/api/payments/paypal/orders/73K70164WC705024N/capture","QueryString":null,"StatusCode":200,"DurationMs":2508,"RemoteIpAddress":"::1","UserId":43,"Username":"Vlad","TraceId":"0HNL30T4D9CVT:00000001"}
{"timestampUtc":"2026-04-25T20:24:19.8685821Z","type":"request","Method":"GET","Path":"/api/Devices/12","QueryString":null,"StatusCode":200,"DurationMs":5,"RemoteIpAddress":"::1","UserId":43,"Username":"Vlad","TraceId":"0HNL30T4D9CVU:00000001"}
{"timestampUtc":"2026-04-25T20:24:19.9790055Z","type":"request","Method":"GET","Path":"/api/DeviceTypes/1","QueryString":null,"StatusCode":200,"DurationMs":21,"RemoteIpAddress":"::1","UserId":43,"Username":"Vlad","TraceId":"0HNL30T4D9CVV:00000001"}
{"timestampUtc":"2026-04-25T20:24:20.0184571Z","type":"request","Method":"GET","Path":"/api/Licenses/39","QueryString":null,"StatusCode":200,"DurationMs":10,"RemoteIpAddress":"::1","UserId":43,"Username":"Vlad","TraceId":"0HNL30T4D9D00:00000001"}
{"timestampUtc":"2026-04-25T20:24:20.033904Z","type":"request","Method":"GET","Path":"/api/LicensableFeatures/1","QueryString":null,"StatusCode":200,"DurationMs":23,"RemoteIpAddress":"::1","UserId":43,"Username":"Vlad","TraceId":"0HNL30T4D9D02:00000001"}
{"timestampUtc":"2026-04-25T20:24:20.0613499Z","type":"request","Method":"GET","Path":"/api/Features/1","QueryString":null,"StatusCode":200,"DurationMs":55,"RemoteIpAddress":"::1","UserId":43,"Username":"Vlad","TraceId":"0HNL30T4D9D01:00000001"}
