{"timestampUtc":"2026-04-26T11:04:38.4826906Z","type":"request","Method":"GET","Path":"/swagger/index.html","QueryString":null,"StatusCode":200,"DurationMs":181,"RemoteIpAddress":"::1","UserId":null,"Username":null,"TraceId":"0HNL3GEDASA4K:00000001"}
{"timestampUtc":"2026-04-26T11:04:38.8187798Z","type":"request","Method":"GET","Path":"/swagger/v1/swagger.json","QueryString":null,"StatusCode":200,"DurationMs":83,"RemoteIpAddress":"::1","UserId":null,"Username":null,"TraceId":"0HNL3GEDASA4L:00000005"}
{"timestampUtc":"2026-04-26T11:05:16.2002193Z","type":"request","Method":"POST","Path":"/api/Auth/logout","QueryString":null,"StatusCode":200,"DurationMs":118,"RemoteIpAddress":"::1","UserId":43,"Username":"Vlad","TraceId":"0HNL3GEDASA4O:00000001"}
{"timestampUtc":"2026-04-26T11:05:31.6787229Z","type":"request","Method":"GET","Path":"/api/Devices/my","QueryString":null,"StatusCode":500,"DurationMs":18807,"RemoteIpAddress":"::1","UserId":43,"Username":"Vlad","TraceId":"0HNL3GEDASA4M:00000001"}
{"timestampUtc":"2026-04-26T11:05:31.6787271Z","type":"request","Method":"GET","Path":"/api/DeviceTypes","QueryString":null,"StatusCode":400,"DurationMs":18807,"RemoteIpAddress":"::1","UserId":43,"Username":"Vlad","TraceId":"0HNL3GEDASA4N:00000001"}
{"timestampUtc":"2026-04-26T11:05:31.6788279Z","type":"request","Method":"POST","Path":"/api/Auth/login","QueryString":null,"StatusCode":500,"DurationMs":4356,"RemoteIpAddress":"::1","UserId":null,"Username":null,"TraceId":"0HNL3GEDASA4P:00000001"}
{"timestampUtc":"2026-04-26T11:05:31.6788293Z","type":"request","Method":"POST","Path":"/api/Auth/login","QueryString":null,"StatusCode":500,"DurationMs":1342,"RemoteIpAddress":"::1","UserId":null,"Username":null,"TraceId":"0HNL3GEDASA4Q:00000001"}
{"timestampUtc":"2026-04-26T11:05:48.6675193Z","type":"request","Method":"POST","Path":"/api/Auth/login","QueryString":null,"StatusCode":200,"DurationMs":6403,"RemoteIpAddress":"::1","UserId":null,"Username":null,"TraceId":"0HNL3GEDASA4S:00000001"}
{"timestampUtc":"2026-04-26T11:05:48.667524Z","type":"request","Method":"POST","Path":"/api/Auth/login","QueryString":null,"StatusCode":200,"DurationMs":9655,"RemoteIpAddress":"::1","UserId":null,"Username":null,"TraceId":"0HNL3GEDASA4R:00000001"}
{"timestampUtc":"2026-04-26T11:05:51.1444Z","type":"request","Method":"GET","Path":"/api/Devices/my","QueryString":null,"StatusCode":200,"DurationMs":195,"RemoteIpAddress":"::1","UserId":43,"Username":"Vlad","TraceId":"0HNL3GEDASA4T:00000001"}
{"timestampUtc":"2026-04-26T11:05:51.1785938Z","type":"request","Method":"GET","Path":"/api/DeviceTypes","QueryString":null,"StatusCode":200,"DurationMs":228,"RemoteIpAddress":"::1","UserId":43,"Username":"Vlad","TraceId":"0HNL3GEDASA4U:00000001"}
{"timestampUtc":"2026-04-26T11:05:56.3837265Z","type":"request","Method":"GET","Path":"/api/Companies","QueryString":null,"StatusCode":200,"DurationMs":107,"RemoteIpAddress":"::1","UserId":43,"Username":"Vlad","TraceId":"0HNL3GEDASA4V:00000001"}
{"timestampUtc":"2026-04-26T11:05:56.3891554Z","type":"request","Method":"GET","Path":"/api/Users","QueryString":null,"StatusCode":200,"DurationMs":106,"RemoteIpAddress":"::1","UserId":43,"Username":"Vlad","TraceId":"0HNL3GEDASA50:00000001"}
{"timestampUtc":"2026-04-26T11:05:56.39334Z","type":"request","Method":"GET","Path":"/api/Buildings","QueryString":null,"StatusCode":200,"DurationMs":111,"RemoteIpAddress":"::1","UserId":43,"Username":"Vlad","TraceId":"0HNL3GEDASA51:00000001"}
{"timestampUtc":"2026-04-26T11:06:02.7761045Z","type":"request","Method":"GET","Path":"/api/DeviceTypes","QueryString":null,"StatusCode":200,"DurationMs":7,"RemoteIpAddress":"::1","UserId":43,"Username":"Vlad","TraceId":"0HNL3GEDASA53:00000001"}
{"timestampUtc":"2026-04-26T11:06:02.7761282Z","type":"request","Method":"GET","Path":"/api/Devices/my","QueryString":null,"StatusCode":200,"DurationMs":8,"RemoteIpAddress":"::1","UserId":43,"Username":"Vlad","TraceId":"0HNL3GEDASA52:00000001"}
{"timestampUtc":"2026-04-26T11:06:03.7028185Z","type":"request","Method":"POST","Path":"/api/Auth/logout","QueryString":null,"StatusCode":200,"DurationMs":3,"RemoteIpAddress":"::1","UserId":43,"Username":"Vlad","TraceId":"0HNL3GEDASA54:00000001"}
{"timestampUtc":"2026-04-26T11:06:39.6253963Z","type":"request","Method":"POST","Path":"/api/Auth/login","QueryString":null,"StatusCode":200,"DurationMs":289,"RemoteIpAddress":"::1","UserId":null,"Username":null,"TraceId":"0HNL3GEDASA55:00000001"}
{"timestampUtc":"2026-04-26T11:06:40.9889311Z","type":"request","Method":"GET","Path":"/api/Devices/my","QueryString":null,"StatusCode":200,"DurationMs":5,"RemoteIpAddress":"::1","UserId":43,"Username":"Vlad","TraceId":"0HNL3GEDASA56:00000001"}
{"timestampUtc":"2026-04-26T11:06:40.990166Z","type":"request","Method":"GET","Path":"/api/DeviceTypes","QueryString":null,"StatusCode":200,"DurationMs":4,"RemoteIpAddress":"::1","UserId":43,"Username":"Vlad","TraceId":"0HNL3GEDASA57:00000001"}
{"timestampUtc":"2026-04-26T11:06:54.3152362Z","type":"request","Method":"GET","Path":"/api/Devices/11","QueryString":null,"StatusCode":200,"DurationMs":48,"RemoteIpAddress":"::1","UserId":43,"Username":"Vlad","TraceId":"0HNL3GEDASA58:00000001"}
{"timestampUtc":"2026-04-26T11:06:54.3778411Z","type":"request","Method":"GET","Path":"/api/DeviceTypes/1","QueryString":null,"StatusCode":200,"DurationMs":42,"RemoteIpAddress":"::1","UserId":43,"Username":"Vlad","TraceId":"0HNL3GEDASA59:00000001"}
{"timestampUtc":"2026-04-26T11:06:54.4489404Z","type":"request","Method":"GET","Path":"/api/LicensableFeatures/1","QueryString":null,"StatusCode":200,"DurationMs":46,"RemoteIpAddress":"::1","UserId":43,"Username":"Vlad","TraceId":"0HNL3GEDASA5C:00000001"}
{"timestampUtc":"2026-04-26T11:06:54.5416638Z","type":"request","Method":"GET","Path":"/api/Licenses/35","QueryString":null,"StatusCode":200,"DurationMs":137,"RemoteIpAddress":"::1","UserId":43,"Username":"Vlad","TraceId":"0HNL3GEDASA5B:00000001"}
{"timestampUtc":"2026-04-26T11:06:54.7603379Z","type":"request","Method":"GET","Path":"/api/Features/1","QueryString":null,"StatusCode":200,"DurationMs":358,"RemoteIpAddress":"::1","UserId":43,"Username":"Vlad","TraceId":"0HNL3GEDASA5A:00000001"}
{"timestampUtc":"2026-04-26T11:06:57.7226311Z","type":"request","Method":"GET","Path":"/api/Devices/my","QueryString":null,"StatusCode":200,"DurationMs":4,"RemoteIpAddress":"::1","UserId":43,"Username":"Vlad","TraceId":"0HNL3GEDASA5D:00000001"}
{"timestampUtc":"2026-04-26T11:06:57.7226619Z","type":"request","Method":"GET","Path":"/api/DeviceTypes","QueryString":null,"StatusCode":200,"DurationMs":6,"RemoteIpAddress":"::1","UserId":43,"Username":"Vlad","TraceId":"0HNL3GEDASA5E:00000001"}
{"timestampUtc":"2026-04-26T11:06:58.5620426Z","type":"request","Method":"GET","Path":"/api/Companies","QueryString":null,"StatusCode":200,"DurationMs":4,"RemoteIpAddress":"::1","UserId":43,"Username":"Vlad","TraceId":"0HNL3GEDASA5F:00000001"}
{"timestampUtc":"2026-04-26T11:06:58.5626861Z","type":"request","Method":"GET","Path":"/api/Buildings","QueryString":null,"StatusCode":200,"DurationMs":3,"RemoteIpAddress":"::1","UserId":43,"Username":"Vlad","TraceId":"0HNL3GEDASA5G:00000001"}
{"timestampUtc":"2026-04-26T11:06:58.5735987Z","type":"request","Method":"GET","Path":"/api/Users","QueryString":null,"StatusCode":200,"DurationMs":12,"RemoteIpAddress":"::1","UserId":43,"Username":"Vlad","TraceId":"0HNL3GEDASA5H:00000001"}
{"timestampUtc":"2026-04-26T11:07:57.3199785Z","type":"request","Method":"POST","Path":"/api/Companies","QueryString":null,"StatusCode":200,"DurationMs":279,"RemoteIpAddress":"::1","UserId":43,"Username":"Vlad","TraceId":"0HNL3GEDASA5I:00000001"}
{"timestampUtc":"2026-04-26T11:07:59.4396727Z","type":"request","Method":"GET","Path":"/api/Companies","QueryString":null,"StatusCode":200,"DurationMs":3,"RemoteIpAddress":"::1","UserId":43,"Username":"Vlad","TraceId":"0HNL3GEDASA5J:00000001"}
{"timestampUtc":"2026-04-26T11:07:59.4426182Z","type":"request","Method":"GET","Path":"/api/Buildings","QueryString":null,"StatusCode":200,"DurationMs":5,"RemoteIpAddress":"::1","UserId":43,"Username":"Vlad","TraceId":"0HNL3GEDASA5K:00000001"}
{"timestampUtc":"2026-04-26T11:07:59.4443762Z","type":"request","Method":"GET","Path":"/api/Users","QueryString":null,"StatusCode":200,"DurationMs":5,"RemoteIpAddress":"::1","UserId":43,"Username":"Vlad","TraceId":"0HNL3GEDASA5L:00000001"}
{"timestampUtc":"2026-04-26T11:08:24.7011897Z","type":"request","Method":"POST","Path":"/api/Buildings","QueryString":null,"StatusCode":200,"DurationMs":64,"RemoteIpAddress":"::1","UserId":43,"Username":"Vlad","TraceId":"0HNL3GEDASA5M:00000001"}
{"timestampUtc":"2026-04-26T11:08:26.336475Z","type":"request","Method":"GET","Path":"/api/Companies","QueryString":null,"StatusCode":200,"DurationMs":4,"RemoteIpAddress":"::1","UserId":43,"Username":"Vlad","TraceId":"0HNL3GEDASA5O:00000001"}
{"timestampUtc":"2026-04-26T11:08:26.3365027Z","type":"request","Method":"GET","Path":"/api/Buildings","QueryString":null,"StatusCode":200,"DurationMs":3,"RemoteIpAddress":"::1","UserId":43,"Username":"Vlad","TraceId":"0HNL3GEDASA5N:00000001"}
{"timestampUtc":"2026-04-26T11:08:26.3392017Z","type":"request","Method":"GET","Path":"/api/Users","QueryString":null,"StatusCode":200,"DurationMs":5,"RemoteIpAddress":"::1","UserId":43,"Username":"Vlad","TraceId":"0HNL3GEDASA5P:00000001"}
{"timestampUtc":"2026-04-26T11:09:10.9583856Z","type":"request","Method":"POST","Path":"/api/Auth/register","QueryString":null,"StatusCode":200,"DurationMs":522,"RemoteIpAddress":"::1","UserId":43,"Username":"Vlad","TraceId":"0HNL3GEDASA5Q:00000001"}
{"timestampUtc":"2026-04-26T11:09:12.4994696Z","type":"request","Method":"GET","Path":"/api/Companies","QueryString":null,"StatusCode":200,"DurationMs":4,"RemoteIpAddress":"::1","UserId":43,"Username":"Vlad","TraceId":"0HNL3GEDASA5R:00000001"}
{"timestampUtc":"2026-04-26T11:09:12.5067561Z","type":"request","Method":"GET","Path":"/api/Buildings","QueryString":null,"StatusCode":200,"DurationMs":10,"RemoteIpAddress":"::1","UserId":43,"Username":"Vlad","TraceId":"0HNL3GEDASA5S:00000001"}
{"timestampUtc":"2026-04-26T11:09:12.5104546Z","type":"request","Method":"GET","Path":"/api/Users","QueryString":null,"StatusCode":200,"DurationMs":11,"RemoteIpAddress":"::1","UserId":43,"Username":"Vlad","TraceId":"0HNL3GEDASA5T:00000001"}
{"timestampUtc":"2026-04-26T11:09:14.617486Z","type":"request","Method":"GET","Path":"/api/DeviceTypes","QueryString":null,"StatusCode":200,"DurationMs":18,"RemoteIpAddress":"::1","UserId":43,"Username":"Vlad","TraceId":"0HNL3GEDASA5V:00000001"}
{"timestampUtc":"2026-04-26T11:09:14.6189517Z","type":"request","Method":"GET","Path":"/api/Devices/my","QueryString":null,"StatusCode":200,"DurationMs":22,"RemoteIpAddress":"::1","UserId":43,"Username":"Vlad","TraceId":"0HNL3GEDASA5U:00000001"}
{"timestampUtc":"2026-04-26T11:09:16.2444871Z","type":"request","Method":"POST","Path":"/api/Auth/logout","QueryString":null,"StatusCode":200,"DurationMs":3,"RemoteIpAddress":"::1","UserId":43,"Username":"Vlad","TraceId":"0HNL3GEDASA60:00000001"}
{"timestampUtc":"2026-04-26T11:09:19.9156506Z","type":"request","Method":"POST","Path":"/api/Auth/login","QueryString":null,"StatusCode":200,"DurationMs":318,"RemoteIpAddress":"::1","UserId":null,"Username":null,"TraceId":"0HNL3GEDASA61:00000001"}
{"timestampUtc":"2026-04-26T11:09:21.5724922Z","type":"request","Method":"GET","Path":"/api/Devices/my","QueryString":null,"StatusCode":200,"DurationMs":3,"RemoteIpAddress":"::1","UserId":63,"Username":"annaeis","TraceId":"0HNL3GEDASA62:00000001"}
{"timestampUtc":"2026-04-26T11:09:21.5733888Z","type":"request","Method":"GET","Path":"/api/DeviceTypes","QueryString":null,"StatusCode":200,"DurationMs":2,"RemoteIpAddress":"::1","UserId":63,"Username":"annaeis","TraceId":"0HNL3GEDASA63:00000001"}
{"timestampUtc":"2026-04-26T11:09:33.1844851Z","type":"request","Method":"POST","Path":"/api/Auth/logout","QueryString":null,"StatusCode":200,"DurationMs":3,"RemoteIpAddress":"::1","UserId":63,"Username":"annaeis","TraceId":"0HNL3GEDASA64:00000001"}
{"timestampUtc":"2026-04-26T11:09:46.1001494Z","type":"request","Method":"POST","Path":"/api/Auth/login","QueryString":null,"StatusCode":200,"DurationMs":298,"RemoteIpAddress":"::1","UserId":null,"Username":null,"TraceId":"0HNL3GEDASA65:00000001"}
{"timestampUtc":"2026-04-26T11:09:47.3198877Z","type":"request","Method":"GET","Path":"/api/Devices/my","QueryString":null,"StatusCode":200,"DurationMs":3,"RemoteIpAddress":"::1","UserId":43,"Username":"Vlad","TraceId":"0HNL3GEDASA66:00000001"}
{"timestampUtc":"2026-04-26T11:09:47.3237478Z","type":"request","Method":"GET","Path":"/api/DeviceTypes","QueryString":null,"StatusCode":200,"DurationMs":4,"RemoteIpAddress":"::1","UserId":43,"Username":"Vlad","TraceId":"0HNL3GEDASA67:00000001"}
{"timestampUtc":"2026-04-26T11:10:32.7807351Z","type":"request","Method":"GET","Path":"/api/Devices/10","QueryString":null,"StatusCode":200,"DurationMs":25,"RemoteIpAddress":"::1","UserId":43,"Username":"Vlad","TraceId":"0HNL3GEDASA68:00000001"}
{"timestampUtc":"2026-04-26T11:10:32.8161422Z","type":"request","Method":"GET","Path":"/api/DeviceTypes/2","QueryString":null,"StatusCode":200,"DurationMs":17,"RemoteIpAddress":"::1","UserId":43,"Username":"Vlad","TraceId":"0HNL3GEDASA69:00000001"}
{"timestampUtc":"2026-04-26T11:10:32.8456868Z","type":"request","Method":"GET","Path":"/api/LicensableFeatures/1","QueryString":null,"StatusCode":200,"DurationMs":6,"RemoteIpAddress":"::1","UserId":43,"Username":"Vlad","TraceId":"0HNL3GEDASA6B:00000001"}
{"timestampUtc":"2026-04-26T11:10:32.8505733Z","type":"request","Method":"GET","Path":"/api/Licenses/37","QueryString":null,"StatusCode":200,"DurationMs":8,"RemoteIpAddress":"::1","UserId":43,"Username":"Vlad","TraceId":"0HNL3GEDASA6C:00000001"}
{"timestampUtc":"2026-04-26T11:10:32.8866598Z","type":"request","Method":"GET","Path":"/api/Features/1","QueryString":null,"StatusCode":200,"DurationMs":46,"RemoteIpAddress":"::1","UserId":43,"Username":"Vlad","TraceId":"0HNL3GEDASA6A:00000001"}
{"timestampUtc":"2026-04-26T11:10:48.7032054Z","type":"request","Method":"GET","Path":"/api/payments/paypal/config","QueryString":null,"StatusCode":200,"DurationMs":25,"RemoteIpAddress":"::1","UserId":43,"Username":"Vlad","TraceId":"0HNL3GEDASA6D:00000001"}
{"timestampUtc":"2026-04-26T11:10:56.8532669Z","type":"request","Method":"POST","Path":"/api/payments/paypal/orders","QueryString":null,"StatusCode":200,"DurationMs":1740,"RemoteIpAddress":"::1","UserId":43,"Username":"Vlad","TraceId":"0HNL3GEDASA6E:00000001"}
{"timestampUtc":"2026-04-26T11:11:19.6768167Z","type":"request","Method":"POST","Path":"/api/payments/paypal/orders/4GR82637LL790215X/capture","QueryString":null,"StatusCode":200,"DurationMs":2592,"RemoteIpAddress":"::1","UserId":43,"Username":"Vlad","TraceId":"0HNL3GEDASA6F:00000001"}
{"timestampUtc":"2026-04-26T11:11:19.7539152Z","type":"request","Method":"GET","Path":"/api/Devices/10","QueryString":null,"StatusCode":200,"DurationMs":3,"RemoteIpAddress":"::1","UserId":43,"Username":"Vlad","TraceId":"0HNL3GEDASA6G:00000001"}
{"timestampUtc":"2026-04-26T11:11:19.8226869Z","type":"request","Method":"GET","Path":"/api/DeviceTypes/2","QueryString":null,"StatusCode":200,"DurationMs":3,"RemoteIpAddress":"::1","UserId":43,"Username":"Vlad","TraceId":"0HNL3GEDASA6H:00000001"}
{"timestampUtc":"2026-04-26T11:11:19.8512245Z","type":"request","Method":"GET","Path":"/api/LicensableFeatures/1","QueryString":null,"StatusCode":200,"DurationMs":6,"RemoteIpAddress":"::1","UserId":43,"Username":"Vlad","TraceId":"0HNL3GEDASA6J:00000001"}
{"timestampUtc":"2026-04-26T11:11:19.8513606Z","type":"request","Method":"GET","Path":"/api/Licenses/40","QueryString":null,"StatusCode":200,"DurationMs":3,"RemoteIpAddress":"::1","UserId":43,"Username":"Vlad","TraceId":"0HNL3GEDASA6K:00000001"}
{"timestampUtc":"2026-04-26T11:11:19.8550828Z","type":"request","Method":"GET","Path":"/api/Features/1","QueryString":null,"StatusCode":200,"DurationMs":8,"RemoteIpAddress":"::1","UserId":43,"Username":"Vlad","TraceId":"0HNL3GEDASA6I:00000001"}
{"timestampUtc":"2026-04-26T11:11:41.1639086Z","type":"request","Method":"GET","Path":"/api/UserProfiles/by-user/43","QueryString":null,"StatusCode":200,"DurationMs":10,"RemoteIpAddress":"::1","UserId":43,"Username":"Vlad","TraceId":"0HNL3GEDASA6M:00000001"}
{"timestampUtc":"2026-04-26T11:11:41.1899579Z","type":"request","Method":"GET","Path":"/api/Users/43","QueryString":null,"StatusCode":200,"DurationMs":37,"RemoteIpAddress":"::1","UserId":43,"Username":"Vlad","TraceId":"0HNL3GEDASA6L:00000001"}
{"timestampUtc":"2026-04-26T11:11:41.2356433Z","type":"request","Method":"GET","Path":"/api/Buildings/1","QueryString":null,"StatusCode":200,"DurationMs":25,"RemoteIpAddress":"::1","UserId":43,"Username":"Vlad","TraceId":"0HNL3GEDASA6O:00000001"}
{"timestampUtc":"2026-04-26T11:11:41.2460984Z","type":"request","Method":"GET","Path":"/api/Companies/1","QueryString":null,"StatusCode":200,"DurationMs":36,"RemoteIpAddress":"::1","UserId":43,"Username":"Vlad","TraceId":"0HNL3GEDASA6N:00000001"}
{"timestampUtc":"2026-04-26T11:11:59.9365519Z","type":"request","Method":"GET","Path":"/api/Devices/my","QueryString":null,"StatusCode":200,"DurationMs":11,"RemoteIpAddress":"::1","UserId":43,"Username":"Vlad","TraceId":"0HNL3GEDASA6P:00000001"}
{"timestampUtc":"2026-04-26T11:11:59.936562Z","type":"request","Method":"GET","Path":"/api/DeviceTypes","QueryString":null,"StatusCode":200,"DurationMs":10,"RemoteIpAddress":"::1","UserId":43,"Username":"Vlad","TraceId":"0HNL3GEDASA6Q:00000001"}
{"timestampUtc":"2026-04-26T11:12:04.0303979Z","type":"request","Method":"POST","Path":"/api/Auth/logout","QueryString":null,"StatusCode":200,"DurationMs":2,"RemoteIpAddress":"::1","UserId":43,"Username":"Vlad","TraceId":"0HNL3GEDASA6R:00000001"}
{"timestampUtc":"2026-04-26T11:12:17.8544681Z","type":"request","Method":"POST","Path":"/api/Auth/login","QueryString":null,"StatusCode":200,"DurationMs":269,"RemoteIpAddress":"::1","UserId":null,"Username":null,"TraceId":"0HNL3GEDASA6S:00000001"}
{"timestampUtc":"2026-04-26T11:12:18.509335Z","type":"request","Method":"GET","Path":"/api/DeviceTypes","QueryString":null,"StatusCode":200,"DurationMs":4,"RemoteIpAddress":"::1","UserId":43,"Username":"Vlad","TraceId":"0HNL3GEDASA6U:00000001"}
{"timestampUtc":"2026-04-26T11:12:18.5096059Z","type":"request","Method":"GET","Path":"/api/Devices/my","QueryString":null,"StatusCode":200,"DurationMs":3,"RemoteIpAddress":"::1","UserId":43,"Username":"Vlad","TraceId":"0HNL3GEDASA6T:00000001"}
{"timestampUtc":"2026-04-26T11:12:20.8303943Z","type":"request","Method":"GET","Path":"/api/Devices/12","QueryString":null,"StatusCode":200,"DurationMs":4,"RemoteIpAddress":"::1","UserId":43,"Username":"Vlad","TraceId":"0HNL3GEDASA6V:00000001"}
{"timestampUtc":"2026-04-26T11:12:20.8516033Z","type":"request","Method":"GET","Path":"/api/DeviceTypes/1","QueryString":null,"StatusCode":200,"DurationMs":3,"RemoteIpAddress":"::1","UserId":43,"Username":"Vlad","TraceId":"0HNL3GEDASA70:00000001"}
{"timestampUtc":"2026-04-26T11:12:20.8783106Z","type":"request","Method":"GET","Path":"/api/Licenses/39","QueryString":null,"StatusCode":200,"DurationMs":2,"RemoteIpAddress":"::1","UserId":43,"Username":"Vlad","TraceId":"0HNL3GEDASA73:00000001"}
{"timestampUtc":"2026-04-26T11:12:20.8789632Z","type":"request","Method":"GET","Path":"/api/Features/1","QueryString":null,"StatusCode":200,"DurationMs":4,"RemoteIpAddress":"::1","UserId":43,"Username":"Vlad","TraceId":"0HNL3GEDASA71:00000001"}
{"timestampUtc":"2026-04-26T11:12:20.8795721Z","type":"request","Method":"GET","Path":"/api/LicensableFeatures/1","QueryString":null,"StatusCode":200,"DurationMs":2,"RemoteIpAddress":"::1","UserId":43,"Username":"Vlad","TraceId":"0HNL3GEDASA72:00000001"}
{"timestampUtc":"2026-04-26T11:27:24.6676431Z","type":"request","Method":"GET","Path":"/swagger/index.html","QueryString":null,"StatusCode":200,"DurationMs":247,"RemoteIpAddress":"::1","UserId":null,"Username":null,"TraceId":"0HNL3GR4DU7GJ:00000001"}
{"timestampUtc":"2026-04-26T11:27:25.1230576Z","type":"request","Method":"GET","Path":"/swagger/v1/swagger.json","QueryString":null,"StatusCode":200,"DurationMs":81,"RemoteIpAddress":"::1","UserId":null,"Username":null,"TraceId":"0HNL3GR4DU7GK:00000005"}
{"timestampUtc":"2026-04-26T11:27:48.6844514Z","type":"request","Method":"POST","Path":"/api/Auth/logout","QueryString":null,"StatusCode":200,"DurationMs":173,"RemoteIpAddress":"::1","UserId":43,"Username":"Vlad","TraceId":"0HNL3GR4DU7GN:00000001"}
{"timestampUtc":"2026-04-26T11:27:50.5530525Z","type":"request","Method":"GET","Path":"/api/Devices/my","QueryString":null,"StatusCode":200,"DurationMs":5215,"RemoteIpAddress":"::1","UserId":43,"Username":"Vlad","TraceId":"0HNL3GR4DU7GL:00000001"}
{"timestampUtc":"2026-04-26T11:27:50.5617119Z","type":"request","Method":"GET","Path":"/api/DeviceTypes","QueryString":null,"StatusCode":200,"DurationMs":5224,"RemoteIpAddress":"::1","UserId":43,"Username":"Vlad","TraceId":"0HNL3GR4DU7GM:00000001"}
{"timestampUtc":"2026-04-26T11:48:44.5503895Z","type":"request","Method":"POST","Path":"/api/Auth/login","QueryString":null,"StatusCode":200,"DurationMs":2054,"RemoteIpAddress":"::1","UserId":null,"Username":null,"TraceId":"0HNL3GR4DU7GO:00000001"}
{"timestampUtc":"2026-04-26T11:48:46.4944206Z","type":"request","Method":"GET","Path":"/api/DeviceTypes","QueryString":null,"StatusCode":200,"DurationMs":17,"RemoteIpAddress":"::1","UserId":43,"Username":"Vlad","TraceId":"0HNL3GR4DU7GQ:00000001"}
{"timestampUtc":"2026-04-26T11:48:46.5058696Z","type":"request","Method":"GET","Path":"/api/Devices/my","QueryString":null,"StatusCode":200,"DurationMs":30,"RemoteIpAddress":"::1","UserId":43,"Username":"Vlad","TraceId":"0HNL3GR4DU7GP:00000001"}
{"timestampUtc":"2026-04-26T11:48:51.2622951Z","type":"request","Method":"GET","Path":"/api/Companies","QueryString":null,"StatusCode":200,"DurationMs":101,"RemoteIpAddress":"::1","UserId":43,"Username":"Vlad","TraceId":"0HNL3GR4DU7GR:00000001"}
{"timestampUtc":"2026-04-26T11:48:51.275749Z","type":"request","Method":"GET","Path":"/api/Users","QueryString":null,"StatusCode":200,"DurationMs":110,"RemoteIpAddress":"::1","UserId":43,"Username":"Vlad","TraceId":"0HNL3GR4DU7GT:00000001"}
{"timestampUtc":"2026-04-26T11:48:51.2844112Z","type":"request","Method":"GET","Path":"/api/Buildings","QueryString":null,"StatusCode":200,"DurationMs":121,"RemoteIpAddress":"::1","UserId":43,"Username":"Vlad","TraceId":"0HNL3GR4DU7GS:00000001"}
{"timestampUtc":"2026-04-26T11:58:19.4070408Z","type":"request","Method":"GET","Path":"/swagger/index.html","QueryString":null,"StatusCode":200,"DurationMs":288,"RemoteIpAddress":"::1","UserId":null,"Username":null,"TraceId":"0HNL3HCD8LFLT:00000001"}
{"timestampUtc":"2026-04-26T11:58:19.8163696Z","type":"request","Method":"GET","Path":"/swagger/v1/swagger.json","QueryString":null,"StatusCode":200,"DurationMs":103,"RemoteIpAddress":"::1","UserId":null,"Username":null,"TraceId":"0HNL3HCD8LFLU:00000005"}
{"timestampUtc":"2026-04-26T11:58:43.8478733Z","type":"request","Method":"POST","Path":"/api/Auth/logout","QueryString":null,"StatusCode":200,"DurationMs":151,"RemoteIpAddress":"::1","UserId":43,"Username":"Vlad","TraceId":"0HNL3HCD8LFM1:00000001"}
{"timestampUtc":"2026-04-26T11:58:46.8801635Z","type":"request","Method":"GET","Path":"/api/Devices/my","QueryString":null,"StatusCode":200,"DurationMs":5073,"RemoteIpAddress":"::1","UserId":43,"Username":"Vlad","TraceId":"0HNL3HCD8LFLV:00000001"}
{"timestampUtc":"2026-04-26T11:58:46.8873099Z","type":"request","Method":"GET","Path":"/api/DeviceTypes","QueryString":null,"StatusCode":200,"DurationMs":5080,"RemoteIpAddress":"::1","UserId":43,"Username":"Vlad","TraceId":"0HNL3HCD8LFM0:00000001"}
{"timestampUtc":"2026-04-26T11:59:00.2574886Z","type":"request","Method":"POST","Path":"/api/Auth/login","QueryString":null,"StatusCode":200,"DurationMs":1774,"RemoteIpAddress":"::1","UserId":null,"Username":null,"TraceId":"0HNL3HCD8LFM2:00000001"}
{"timestampUtc":"2026-04-26T11:59:02.2492758Z","type":"request","Method":"GET","Path":"/api/DeviceTypes","QueryString":null,"StatusCode":200,"DurationMs":15,"RemoteIpAddress":"::1","UserId":43,"Username":"Vlad","TraceId":"0HNL3HCD8LFM4:00000001"}
{"timestampUtc":"2026-04-26T11:59:02.2497836Z","type":"request","Method":"GET","Path":"/api/Devices/my","QueryString":null,"StatusCode":200,"DurationMs":18,"RemoteIpAddress":"::1","UserId":43,"Username":"Vlad","TraceId":"0HNL3HCD8LFM3:00000001"}
{"timestampUtc":"2026-04-26T11:59:05.015636Z","type":"request","Method":"GET","Path":"/api/Companies","QueryString":null,"StatusCode":200,"DurationMs":88,"RemoteIpAddress":"::1","UserId":43,"Username":"Vlad","TraceId":"0HNL3HCD8LFM5:00000001"}
{"timestampUtc":"2026-04-26T11:59:05.0306053Z","type":"request","Method":"GET","Path":"/api/Users","QueryString":null,"StatusCode":200,"DurationMs":100,"RemoteIpAddress":"::1","UserId":43,"Username":"Vlad","TraceId":"0HNL3HCD8LFM7:00000001"}
{"timestampUtc":"2026-04-26T11:59:05.0351143Z","type":"request","Method":"GET","Path":"/api/Buildings","QueryString":null,"StatusCode":200,"DurationMs":104,"RemoteIpAddress":"::1","UserId":43,"Username":"Vlad","TraceId":"0HNL3HCD8LFM6:00000001"}
{"timestampUtc":"2026-04-26T12:16:24.7598682Z","type":"request","Method":"GET","Path":"/api/DeviceTypes","QueryString":null,"StatusCode":200,"DurationMs":69,"RemoteIpAddress":"::1","UserId":43,"Username":"Vlad","TraceId":"0HNL3HCD8LFM9:00000001"}
{"timestampUtc":"2026-04-26T12:16:24.7598681Z","type":"request","Method":"GET","Path":"/api/Devices/my","QueryString":null,"StatusCode":200,"DurationMs":71,"RemoteIpAddress":"::1","UserId":43,"Username":"Vlad","TraceId":"0HNL3HCD8LFM8:00000001"}
{"timestampUtc":"2026-04-26T12:16:29.2158395Z","type":"request","Method":"GET","Path":"/api/Devices/12","QueryString":null,"StatusCode":200,"DurationMs":58,"RemoteIpAddress":"::1","UserId":43,"Username":"Vlad","TraceId":"0HNL3HCD8LFMA:00000001"}
{"timestampUtc":"2026-04-26T12:16:29.2899478Z","type":"request","Method":"GET","Path":"/api/DeviceTypes/1","QueryString":null,"StatusCode":200,"DurationMs":50,"RemoteIpAddress":"::1","UserId":43,"Username":"Vlad","TraceId":"0HNL3HCD8LFMB:00000001"}
{"timestampUtc":"2026-04-26T12:16:29.4319599Z","type":"request","Method":"GET","Path":"/api/LicensableFeatures/1","QueryString":null,"StatusCode":200,"DurationMs":110,"RemoteIpAddress":"::1","UserId":43,"Username":"Vlad","TraceId":"0HNL3HCD8LFMD:00000001"}
{"timestampUtc":"2026-04-26T12:16:29.5634127Z","type":"request","Method":"GET","Path":"/api/Licenses/39","QueryString":null,"StatusCode":200,"DurationMs":239,"RemoteIpAddress":"::1","UserId":43,"Username":"Vlad","TraceId":"0HNL3HCD8LFME:00000001"}
{"timestampUtc":"2026-04-26T12:16:29.9025859Z","type":"request","Method":"GET","Path":"/api/Features/1","QueryString":null,"StatusCode":200,"DurationMs":579,"RemoteIpAddress":"::1","UserId":43,"Username":"Vlad","TraceId":"0HNL3HCD8LFMC:00000001"}
{"timestampUtc":"2026-04-26T12:16:34.9134731Z","type":"request","Method":"GET","Path":"/api/payments/paypal/config","QueryString":null,"StatusCode":200,"DurationMs":22,"RemoteIpAddress":"::1","UserId":43,"Username":"Vlad","TraceId":"0HNL3HCD8LFMF:00000001"}
{"timestampUtc":"2026-04-26T12:16:40.2408323Z","type":"request","Method":"GET","Path":"/api/Devices/12","QueryString":null,"StatusCode":200,"DurationMs":6,"RemoteIpAddress":"::1","UserId":43,"Username":"Vlad","TraceId":"0HNL3HCD8LFMG:00000001"}
{"timestampUtc":"2026-04-26T12:16:40.2680959Z","type":"request","Method":"GET","Path":"/api/DeviceTypes/1","QueryString":null,"StatusCode":200,"DurationMs":5,"RemoteIpAddress":"::1","UserId":43,"Username":"Vlad","TraceId":"0HNL3HCD8LFMH:00000001"}
{"timestampUtc":"2026-04-26T12:16:40.306249Z","type":"request","Method":"GET","Path":"/api/LicensableFeatures/1","QueryString":null,"StatusCode":200,"DurationMs":4,"RemoteIpAddress":"::1","UserId":43,"Username":"Vlad","TraceId":"0HNL3HCD8LFMJ:00000001"}
{"timestampUtc":"2026-04-26T12:16:40.3073925Z","type":"request","Method":"GET","Path":"/api/Features/1","QueryString":null,"StatusCode":200,"DurationMs":7,"RemoteIpAddress":"::1","UserId":43,"Username":"Vlad","TraceId":"0HNL3HCD8LFMI:00000001"}
{"timestampUtc":"2026-04-26T12:16:40.3155179Z","type":"request","Method":"GET","Path":"/api/Licenses/39","QueryString":null,"StatusCode":200,"DurationMs":12,"RemoteIpAddress":"::1","UserId":43,"Username":"Vlad","TraceId":"0HNL3HCD8LFMK:00000001"}
{"timestampUtc":"2026-04-26T12:16:47.3836743Z","type":"request","Method":"GET","Path":"/api/payments/paypal/config","QueryString":null,"StatusCode":200,"DurationMs":2,"RemoteIpAddress":"::1","UserId":43,"Username":"Vlad","TraceId":"0HNL3HCD8LFML:00000001"}
{"timestampUtc":"2026-04-26T12:17:11.171786Z","type":"request","Method":"POST","Path":"/api/payments/paypal/orders","QueryString":null,"StatusCode":200,"DurationMs":2235,"RemoteIpAddress":"::1","UserId":43,"Username":"Vlad","TraceId":"0HNL3HCD8LFMM:00000001"}
{"timestampUtc":"2026-04-26T12:21:37.4777837Z","type":"request","Method":"GET","Path":"/api/payments/paypal/config","QueryString":null,"StatusCode":200,"DurationMs":2,"RemoteIpAddress":"::1","UserId":43,"Username":"Vlad","TraceId":"0HNL3HCD8LFMN:00000001"}
{"timestampUtc":"2026-04-26T12:59:13.6187636Z","type":"request","Method":"GET","Path":"/api/payments/paypal/config","QueryString":null,"StatusCode":200,"DurationMs":0,"RemoteIpAddress":"::1","UserId":43,"Username":"Vlad","TraceId":"0HNL3HCD8LFMO:00000001"}
{"timestampUtc":"2026-04-26T12:59:17.140012Z","type":"request","Method":"GET","Path":"/api/Devices/12","QueryString":null,"StatusCode":200,"DurationMs":83,"RemoteIpAddress":"::1","UserId":43,"Username":"Vlad","TraceId":"0HNL3HCD8LFMP:00000001"}
{"timestampUtc":"2026-04-26T12:59:17.2237532Z","type":"request","Method":"GET","Path":"/api/DeviceTypes/1","QueryString":null,"StatusCode":200,"DurationMs":41,"RemoteIpAddress":"::1","UserId":43,"Username":"Vlad","TraceId":"0HNL3HCD8LFMQ:00000001"}
{"timestampUtc":"2026-04-26T12:59:17.2974992Z","type":"request","Method":"GET","Path":"/api/Licenses/39","QueryString":null,"StatusCode":200,"DurationMs":21,"RemoteIpAddress":"::1","UserId":43,"Username":"Vlad","TraceId":"0HNL3HCD8LFMT:00000001"}
{"timestampUtc":"2026-04-26T12:59:17.5300751Z","type":"request","Method":"GET","Path":"/api/Features/1","QueryString":null,"StatusCode":200,"DurationMs":255,"RemoteIpAddress":"::1","UserId":43,"Username":"Vlad","TraceId":"0HNL3HCD8LFMR:00000001"}
{"timestampUtc":"2026-04-26T12:59:17.6017594Z","type":"request","Method":"GET","Path":"/api/LicensableFeatures/1","QueryString":null,"StatusCode":200,"DurationMs":320,"RemoteIpAddress":"::1","UserId":43,"Username":"Vlad","TraceId":"0HNL3HCD8LFMS:00000001"}
{"timestampUtc":"2026-04-26T14:04:03.2113827Z","type":"request","Method":"GET","Path":"/api/Devices/12","QueryString":null,"StatusCode":200,"DurationMs":33,"RemoteIpAddress":"::1","UserId":43,"Username":"Vlad","TraceId":"0HNL3HCD8LFMU:00000001"}
{"timestampUtc":"2026-04-26T14:04:03.2479497Z","type":"request","Method":"GET","Path":"/api/DeviceTypes/1","QueryString":null,"StatusCode":200,"DurationMs":13,"RemoteIpAddress":"::1","UserId":43,"Username":"Vlad","TraceId":"0HNL3HCD8LFMV:00000001"}
{"timestampUtc":"2026-04-26T14:04:03.2677147Z","type":"request","Method":"GET","Path":"/api/LicensableFeatures/1","QueryString":null,"StatusCode":200,"DurationMs":5,"RemoteIpAddress":"::1","UserId":43,"Username":"Vlad","TraceId":"0HNL3HCD8LFN1:00000001"}
{"timestampUtc":"2026-04-26T14:04:03.2744634Z","type":"request","Method":"GET","Path":"/api/Licenses/39","QueryString":null,"StatusCode":200,"DurationMs":11,"RemoteIpAddress":"::1","UserId":43,"Username":"Vlad","TraceId":"0HNL3HCD8LFN2:00000001"}
{"timestampUtc":"2026-04-26T14:04:03.2930171Z","type":"request","Method":"GET","Path":"/api/Features/1","QueryString":null,"StatusCode":200,"DurationMs":30,"RemoteIpAddress":"::1","UserId":43,"Username":"Vlad","TraceId":"0HNL3HCD8LFN0:00000001"}
{"timestampUtc":"2026-04-26T14:12:40.1426071Z","type":"request","Method":"GET","Path":"/api/Devices/12","QueryString":null,"StatusCode":200,"DurationMs":28,"RemoteIpAddress":"::1","UserId":43,"Username":"Vlad","TraceId":"0HNL3HCD8LFN3:00000001"}
{"timestampUtc":"2026-04-26T14:12:40.2119458Z","type":"request","Method":"GET","Path":"/api/DeviceTypes/1","QueryString":null,"StatusCode":200,"DurationMs":11,"RemoteIpAddress":"::1","UserId":43,"Username":"Vlad","TraceId":"0HNL3HCD8LFN4:00000001"}
{"timestampUtc":"2026-04-26T14:12:40.2325458Z","type":"request","Method":"GET","Path":"/api/LicensableFeatures/1","QueryString":null,"StatusCode":200,"DurationMs":3,"RemoteIpAddress":"::1","UserId":43,"Username":"Vlad","TraceId":"0HNL3HCD8LFN6:00000001"}
{"timestampUtc":"2026-04-26T14:12:40.2402379Z","type":"request","Method":"GET","Path":"/api/Licenses/39","QueryString":null,"StatusCode":200,"DurationMs":12,"RemoteIpAddress":"::1","UserId":43,"Username":"Vlad","TraceId":"0HNL3HCD8LFN7:00000001"}
{"timestampUtc":"2026-04-26T14:12:40.2623442Z","type":"request","Method":"GET","Path":"/api/Features/1","QueryString":null,"StatusCode":200,"DurationMs":33,"RemoteIpAddress":"::1","UserId":43,"Username":"Vlad","TraceId":"0HNL3HCD8LFN5:00000001"}
{"timestampUtc":"2026-04-26T15:06:30.2837788Z","type":"request","Method":"GET","Path":"/api/Devices/12","QueryString":null,"StatusCode":200,"DurationMs":47,"RemoteIpAddress":"::1","UserId":43,"Username":"Vlad","TraceId":"0HNL3HCD8LFN8:00000001"}
{"timestampUtc":"2026-04-26T15:06:30.3328396Z","type":"request","Method":"GET","Path":"/api/DeviceTypes/1","QueryString":null,"StatusCode":200,"DurationMs":18,"RemoteIpAddress":"::1","UserId":43,"Username":"Vlad","TraceId":"0HNL3HCD8LFN9:00000001"}
{"timestampUtc":"2026-04-26T15:06:30.3590672Z","type":"request","Method":"GET","Path":"/api/LicensableFeatures/1","QueryString":null,"StatusCode":200,"DurationMs":6,"RemoteIpAddress":"::1","UserId":43,"Username":"Vlad","TraceId":"0HNL3HCD8LFNB:00000001"}
{"timestampUtc":"2026-04-26T15:06:30.3632774Z","type":"request","Method":"GET","Path":"/api/Licenses/39","QueryString":null,"StatusCode":200,"DurationMs":9,"RemoteIpAddress":"::1","UserId":43,"Username":"Vlad","TraceId":"0HNL3HCD8LFNC:00000001"}
{"timestampUtc":"2026-04-26T15:06:30.3933234Z","type":"request","Method":"GET","Path":"/api/Features/1","QueryString":null,"StatusCode":200,"DurationMs":41,"RemoteIpAddress":"::1","UserId":43,"Username":"Vlad","TraceId":"0HNL3HCD8LFNA:00000001"}
{"timestampUtc":"2026-04-26T15:14:44.6492039Z","type":"request","Method":"GET","Path":"/api/Devices/12","QueryString":null,"StatusCode":200,"DurationMs":44,"RemoteIpAddress":"::1","UserId":43,"Username":"Vlad","TraceId":"0HNL3HCD8LFND:00000001"}
{"timestampUtc":"2026-04-26T15:14:44.7499358Z","type":"request","Method":"GET","Path":"/api/DeviceTypes/1","QueryString":null,"StatusCode":200,"DurationMs":28,"RemoteIpAddress":"::1","UserId":43,"Username":"Vlad","TraceId":"0HNL3HCD8LFNE:00000001"}
{"timestampUtc":"2026-04-26T15:14:44.8231813Z","type":"request","Method":"GET","Path":"/api/LicensableFeatures/1","QueryString":null,"StatusCode":200,"DurationMs":46,"RemoteIpAddress":"::1","UserId":43,"Username":"Vlad","TraceId":"0HNL3HCD8LFNG:00000001"}
{"timestampUtc":"2026-04-26T15:14:44.8277067Z","type":"request","Method":"GET","Path":"/api/Features/1","QueryString":null,"StatusCode":200,"DurationMs":52,"RemoteIpAddress":"::1","UserId":43,"Username":"Vlad","TraceId":"0HNL3HCD8LFNF:00000001"}
{"timestampUtc":"2026-04-26T15:14:44.8307694Z","type":"request","Method":"GET","Path":"/api/Licenses/39","QueryString":null,"StatusCode":200,"DurationMs":51,"RemoteIpAddress":"::1","UserId":43,"Username":"Vlad","TraceId":"0HNL3HCD8LFNH:00000001"}
{"timestampUtc":"2026-04-26T17:00:11.3511744Z","type":"request","Method":"GET","Path":"/api/Devices/12","QueryString":null,"StatusCode":200,"DurationMs":174,"RemoteIpAddress":"::1","UserId":43,"Username":"Vlad","TraceId":"0HNL3HCD8LFNI:00000001"}
{"timestampUtc":"2026-04-26T17:00:11.5940078Z","type":"request","Method":"GET","Path":"/api/DeviceTypes/1","QueryString":null,"StatusCode":200,"DurationMs":112,"RemoteIpAddress":"::1","UserId":43,"Username":"Vlad","TraceId":"0HNL3HCD8LFNJ:00000001"}
{"timestampUtc":"2026-04-26T17:00:12.0583912Z","type":"request","Method":"GET","Path":"/api/LicensableFeatures/1","QueryString":null,"StatusCode":200,"DurationMs":18,"RemoteIpAddress":"::1","UserId":43,"Username":"Vlad","TraceId":"0HNL3HCD8LFNL:00000001"}
{"timestampUtc":"2026-04-26T17:00:12.0767969Z","type":"request","Method":"GET","Path":"/api/Licenses/39","QueryString":null,"StatusCode":200,"DurationMs":34,"RemoteIpAddress":"::1","UserId":43,"Username":"Vlad","TraceId":"0HNL3HCD8LFNM:00000001"}
{"timestampUtc":"2026-04-26T17:00:12.1471564Z","type":"request","Method":"GET","Path":"/api/Features/1","QueryString":null,"StatusCode":200,"DurationMs":109,"RemoteIpAddress":"::1","UserId":43,"Username":"Vlad","TraceId":"0HNL3HCD8LFNK:00000001"}
{"timestampUtc":"2026-04-26T17:47:01.062703Z","type":"request","Method":"GET","Path":"/api/Devices/12","QueryString":null,"StatusCode":200,"DurationMs":54,"RemoteIpAddress":"::1","UserId":43,"Username":"Vlad","TraceId":"0HNL3HCD8LFNN:00000001"}
{"timestampUtc":"2026-04-26T17:47:01.2823747Z","type":"request","Method":"GET","Path":"/api/DeviceTypes/1","QueryString":null,"StatusCode":200,"DurationMs":40,"RemoteIpAddress":"::1","UserId":43,"Username":"Vlad","TraceId":"0HNL3HCD8LFNO:00000001"}
{"timestampUtc":"2026-04-26T17:47:01.3702655Z","type":"request","Method":"GET","Path":"/api/LicensableFeatures/1","QueryString":null,"StatusCode":200,"DurationMs":56,"RemoteIpAddress":"::1","UserId":43,"Username":"Vlad","TraceId":"0HNL3HCD8LFNQ:00000001"}
{"timestampUtc":"2026-04-26T17:47:01.3717825Z","type":"request","Method":"GET","Path":"/api/Features/1","QueryString":null,"StatusCode":200,"DurationMs":59,"RemoteIpAddress":"::1","UserId":43,"Username":"Vlad","TraceId":"0HNL3HCD8LFNP:00000001"}
{"timestampUtc":"2026-04-26T17:47:01.3779597Z","type":"request","Method":"GET","Path":"/api/Licenses/39","QueryString":null,"StatusCode":200,"DurationMs":61,"RemoteIpAddress":"::1","UserId":43,"Username":"Vlad","TraceId":"0HNL3HCD8LFNR:00000001"}
{"timestampUtc":"2026-04-26T18:32:54.0007784Z","type":"request","Method":"GET","Path":"/api/Devices/12","QueryString":null,"StatusCode":200,"DurationMs":20,"RemoteIpAddress":"::1","UserId":43,"Username":"Vlad","TraceId":"0HNL3HCD8LFNS:00000001"}
{"timestampUtc":"2026-04-26T18:32:54.0387104Z","type":"request","Method":"GET","Path":"/api/DeviceTypes/1","QueryString":null,"StatusCode":200,"DurationMs":9,"RemoteIpAddress":"::1","UserId":43,"Username":"Vlad","TraceId":"0HNL3HCD8LFNT:00000001"}
{"timestampUtc":"2026-04-26T18:32:54.0559371Z","type":"request","Method":"GET","Path":"/api/Licenses/39","QueryString":null,"StatusCode":200,"DurationMs":4,"RemoteIpAddress":"::1","UserId":43,"Username":"Vlad","TraceId":"0HNL3HCD8LFO0:00000001"}
{"timestampUtc":"2026-04-26T18:32:54.0594024Z","type":"request","Method":"GET","Path":"/api/LicensableFeatures/1","QueryString":null,"StatusCode":200,"DurationMs":6,"RemoteIpAddress":"::1","UserId":43,"Username":"Vlad","TraceId":"0HNL3HCD8LFNV:00000001"}
{"timestampUtc":"2026-04-26T18:32:54.0787346Z","type":"request","Method":"GET","Path":"/api/Features/1","QueryString":null,"StatusCode":200,"DurationMs":28,"RemoteIpAddress":"::1","UserId":43,"Username":"Vlad","TraceId":"0HNL3HCD8LFNU:00000001"}
{"timestampUtc":"2026-04-26T19:04:52.8636426Z","type":"request","Method":"GET","Path":"/api/DeviceTypes","QueryString":null,"StatusCode":200,"DurationMs":69,"RemoteIpAddress":"::1","UserId":43,"Username":"Vlad","TraceId":"0HNL3HCD8LFO2:00000001"}
{"timestampUtc":"2026-04-26T19:04:52.8636423Z","type":"request","Method":"GET","Path":"/api/Devices/my","QueryString":null,"StatusCode":200,"DurationMs":72,"RemoteIpAddress":"::1","UserId":43,"Username":"Vlad","TraceId":"0HNL3HCD8LFO1:00000001"}
{"timestampUtc":"2026-04-26T19:04:54.0666125Z","type":"request","Method":"GET","Path":"/api/Companies","QueryString":null,"StatusCode":200,"DurationMs":9,"RemoteIpAddress":"::1","UserId":43,"Username":"Vlad","TraceId":"0HNL3HCD8LFO3:00000001"}
{"timestampUtc":"2026-04-26T19:04:54.071171Z","type":"request","Method":"GET","Path":"/api/Buildings","QueryString":null,"StatusCode":200,"DurationMs":16,"RemoteIpAddress":"::1","UserId":43,"Username":"Vlad","TraceId":"0HNL3HCD8LFO4:00000001"}
{"timestampUtc":"2026-04-26T19:04:54.0880202Z","type":"request","Method":"GET","Path":"/api/Users","QueryString":null,"StatusCode":200,"DurationMs":29,"RemoteIpAddress":"::1","UserId":43,"Username":"Vlad","TraceId":"0HNL3HCD8LFO5:00000001"}
